// Jest Snapshot v1, https://goo.gl/fbAQLP

exports[`MainView renders the component 1`] = `<div>MainView</div>`;
